// Jest Snapshot v1, https://goo.gl/fbAQLP

exports[`Forums Page matches the snapshot 1`] = `
<DocumentFragment>
  <div
    class="min-h-screen bg-gray-100 flex flex-col items-center justify-center"
  >
    <h1
      class="text-4xl font-extrabold mb-4"
    >
      FORUMS
    </h1>
  </div>
</DocumentFragment>
`;
