// Jest Snapshot v1, https://goo.gl/fbAQLP

exports[`Navbar Component renders correctly 1`] = `
<div
  className="w-full max-w-xs"
>
  NAVBAR
</div>
`;
