// Jest Snapshot v1, https://goo.gl/fbAQLP

exports[`Banner Component matches the snapshot 1`] = `
<DocumentFragment>
  <div
    class="bg-rose-300 p-4 md:p-6 flex items-center w-full justify-between"
  >
     
    <img
      alt="Code Hammers Logo"
      class="h-12 md:h-16"
      src=""
    />
    <div
      class="flex-grow flex justify-center"
    >
      <h1
        class="text-2xl md:text-4xl font-semibold text-teal-600"
      >
        Code Hammers
      </h1>
       
    </div>
  </div>
</DocumentFragment>
`;
